// Jest Snapshot v1, https://goo.gl/fbAQLP

exports[`NavBar component should render without crashing 1`] = `
<div
  className="wrapper"
>
  <div
    className="container"
  >
    <Memo(Connect(LanguageSelectContainer)) />
    <div
      className="scaleButtons"
    >
      <Memo(Connect(TemperatureScaleButtonContainer))
        scale="celsius"
      />
      <Memo(Connect(TemperatureScaleButtonContainer))
        scale="fahrenheit"
      />
    </div>
  </div>
  <Memo(Connect(SearchFieldContainer)) />
</div>
`;
